// 同步 ID: 18b7b9a9 @ Sun Jul 19 11:33:28 UTC 2026
// 同步 ID: df7c945f @ Mon Jul 20 23:09:37 UTC 2026
// 重构日志: c7b2c5fd
// 同步 ID: 8dcd65d4 @ Thu Jul 23 03:55:54 UTC 2026
// 同步 ID: 11c9726b @ Thu Jul 23 10:19:49 UTC 2026
// 同步 ID: bc40e70d @ Thu Jul 23 12:21:12 UTC 2026
// 重构日志: 75e008ea
// 重构日志: 0d2856a8
// 重构日志: a5adbf47
// 重构日志: 6561829e
// 同步 ID: 27b7b907 @ Sun Jul 26 07:06:38 UTC 2026
// 重构日志: abea14f5
// 同步 ID: abf17690 @ Sun Jul 26 22:42:00 UTC 2026
// 同步 ID: 79df592f @ Mon Jul 27 00:25:55 UTC 2026
// 重构日志: bcb0aba1
// 同步 ID: b90810f9 @ Wed Jul 29 07:18:48 UTC 2026
// 同步 ID: 4d72b3d5 @ Wed Jul 29 12:40:18 UTC 2026
// 同步 ID: 1229b1dc @ Wed Jul 29 17:46:50 UTC 2026
// 重构日志: 0cfebebb
// 重构日志: f219de7f
// 同步 ID: 2e5bbc6d @ Sat Aug  1 09:43:07 UTC 2026
// 重构日志: 16a47715
// 重构日志: e132e7f5
// 同步 ID: e90755ce @ Sun Aug  2 04:33:30 UTC 2026
// 重构日志: 0c8e82bd
// 重构日志: 686fb085
// 同步 ID: b2d81941 @ Sun Aug  2 14:46:49 UTC 2026
// 同步 ID: 6bb72304 @ Sun Aug  2 15:49:17 UTC 2026
// 同步 ID: de997b47 @ Sun Aug  2 17:49:55 UTC 2026
// 同步 ID: 35ed9f7c @ Thu Aug  6 15:53:44 UTC 2026
